[2024-05-01T23:04:22.577+0530][0.026s] Using G1
[2024-05-01T23:04:22.944+0530][0.394s] Version: 17.0.10+11-LTS-240 (release)
[2024-05-01T23:04:22.945+0530][0.394s] CPUs: 12 total, 12 available
[2024-05-01T23:04:22.945+0530][0.394s] Memory: 7502M
[2024-05-01T23:04:22.945+0530][0.394s] Large Page Support: Disabled
[2024-05-01T23:04:22.945+0530][0.394s] NUMA Support: Disabled
[2024-05-01T23:04:22.945+0530][0.394s] Compressed Oops: Enabled (32-bit)
[2024-05-01T23:04:22.945+0530][0.394s] Heap Region Size: 1M
[2024-05-01T23:04:22.945+0530][0.394s] Heap Min Capacity: 512M
[2024-05-01T23:04:22.945+0530][0.394s] Heap Initial Capacity: 512M
[2024-05-01T23:04:22.945+0530][0.394s] Heap Max Capacity: 512M
[2024-05-01T23:04:22.945+0530][0.394s] Pre-touch: Enabled
[2024-05-01T23:04:22.945+0530][0.395s] Parallel Workers: 10
[2024-05-01T23:04:22.945+0530][0.395s] Concurrent Workers: 3
[2024-05-01T23:04:22.945+0530][0.395s] Concurrent Refinement Workers: 10
[2024-05-01T23:04:22.945+0530][0.395s] Periodic GC: Disabled
[2024-05-01T23:04:22.979+0530][0.428s] CDS archive(s) mapped at: [0x000001b405000000-0x000001b405bd0000-0x000001b405bd0000), size 12386304, SharedBaseAddress: 0x000001b405000000, ArchiveRelocationMode: 1.
[2024-05-01T23:04:22.979+0530][0.429s] Compressed class space mapped at: 0x000001b406000000-0x000001b446000000, reserved size: 1073741824
[2024-05-01T23:04:22.979+0530][0.429s] Narrow klass base: 0x000001b405000000, Narrow klass shift: 0, Narrow klass range: 0x100000000
[2024-05-01T23:04:24.468+0530][1.917s] GC(0) Pause Young (Normal) (G1 Evacuation Pause)
[2024-05-01T23:04:24.468+0530][1.917s] GC(0) Using 10 workers of 10 for evacuation
[2024-05-01T23:04:24.473+0530][1.922s] GC(0)   Pre Evacuate Collection Set: 0.1ms
[2024-05-01T23:04:24.473+0530][1.922s] GC(0)   Merge Heap Roots: 0.1ms
[2024-05-01T23:04:24.473+0530][1.922s] GC(0)   Evacuate Collection Set: 3.8ms
[2024-05-01T23:04:24.473+0530][1.922s] GC(0)   Post Evacuate Collection Set: 0.7ms
[2024-05-01T23:04:24.473+0530][1.922s] GC(0)   Other: 0.8ms
[2024-05-01T23:04:24.473+0530][1.922s] GC(0) Eden regions: 29->0(43)
[2024-05-01T23:04:24.473+0530][1.922s] GC(0) Survivor regions: 0->4(4)
[2024-05-01T23:04:24.473+0530][1.922s] GC(0) Old regions: 0->0
[2024-05-01T23:04:24.473+0530][1.923s] GC(0) Archive regions: 0->0
[2024-05-01T23:04:24.473+0530][1.923s] GC(0) Humongous regions: 0->0
[2024-05-01T23:04:24.473+0530][1.923s] GC(0) Metaspace: 6307K(6528K)->6307K(6528K) NonClass: 5572K(5696K)->5572K(5696K) Class: 735K(832K)->735K(832K)
[2024-05-01T23:04:24.473+0530][1.923s] GC(0) Pause Young (Normal) (G1 Evacuation Pause) 29M->3M(512M) 5.775ms
[2024-05-01T23:04:24.474+0530][1.923s] GC(0) User=0.00s Sys=0.00s Real=0.01s
[2024-05-01T23:04:26.124+0530][3.573s] GC(1) Pause Young (Normal) (G1 Evacuation Pause)
[2024-05-01T23:04:26.124+0530][3.573s] GC(1) Using 10 workers of 10 for evacuation
[2024-05-01T23:04:26.139+0530][3.588s] GC(1)   Pre Evacuate Collection Set: 0.1ms
[2024-05-01T23:04:26.139+0530][3.588s] GC(1)   Merge Heap Roots: 0.1ms
[2024-05-01T23:04:26.139+0530][3.588s] GC(1)   Evacuate Collection Set: 13.8ms
[2024-05-01T23:04:26.139+0530][3.588s] GC(1)   Post Evacuate Collection Set: 1.0ms
[2024-05-01T23:04:26.139+0530][3.588s] GC(1)   Other: 0.3ms
[2024-05-01T23:04:26.139+0530][3.588s] GC(1) Eden regions: 43->0(194)
[2024-05-01T23:04:26.139+0530][3.588s] GC(1) Survivor regions: 4->6(6)
[2024-05-01T23:04:26.139+0530][3.588s] GC(1) Old regions: 0->8
[2024-05-01T23:04:26.139+0530][3.588s] GC(1) Archive regions: 0->0
[2024-05-01T23:04:26.139+0530][3.588s] GC(1) Humongous regions: 4->4
[2024-05-01T23:04:26.139+0530][3.588s] GC(1) Metaspace: 17506K(17856K)->17506K(17856K) NonClass: 15441K(15616K)->15441K(15616K) Class: 2065K(2240K)->2065K(2240K)
[2024-05-01T23:04:26.139+0530][3.588s] GC(1) Pause Young (Normal) (G1 Evacuation Pause) 50M->17M(512M) 15.530ms
[2024-05-01T23:04:26.139+0530][3.588s] GC(1) User=0.03s Sys=0.00s Real=0.01s
[2024-05-01T23:04:28.306+0530][5.755s] GC(2) Pause Young (Normal) (G1 Evacuation Pause)
[2024-05-01T23:04:28.306+0530][5.755s] GC(2) Using 10 workers of 10 for evacuation
[2024-05-01T23:04:28.311+0530][5.761s] GC(2)   Pre Evacuate Collection Set: 0.2ms
[2024-05-01T23:04:28.313+0530][5.762s] GC(2)   Merge Heap Roots: 0.1ms
[2024-05-01T23:04:28.313+0530][5.762s] GC(2)   Evacuate Collection Set: 4.8ms
[2024-05-01T23:04:28.313+0530][5.762s] GC(2)   Post Evacuate Collection Set: 0.9ms
[2024-05-01T23:04:28.313+0530][5.762s] GC(2)   Other: 0.4ms
[2024-05-01T23:04:28.313+0530][5.762s] GC(2) Eden regions: 189->0(295)
[2024-05-01T23:04:28.313+0530][5.762s] GC(2) Survivor regions: 6->12(25)
[2024-05-01T23:04:28.313+0530][5.762s] GC(2) Old regions: 8->8
[2024-05-01T23:04:28.313+0530][5.762s] GC(2) Archive regions: 0->0
[2024-05-01T23:04:28.313+0530][5.762s] GC(2) Humongous regions: 4->4
[2024-05-01T23:04:28.313+0530][5.762s] GC(2) Metaspace: 21055K(21376K)->21055K(21376K) NonClass: 18578K(18752K)->18578K(18752K) Class: 2477K(2624K)->2477K(2624K)
[2024-05-01T23:04:28.313+0530][5.762s] GC(2) Pause Young (Normal) (G1 Evacuation Pause) 206M->23M(512M) 6.674ms
[2024-05-01T23:04:28.313+0530][5.762s] GC(2) User=0.00s Sys=0.00s Real=0.01s
[2024-05-01T23:04:28.332+0530][5.781s] GC(3) Pause Young (Concurrent Start) (Metadata GC Threshold)
[2024-05-01T23:04:28.332+0530][5.781s] GC(3) Using 10 workers of 10 for evacuation
[2024-05-01T23:04:28.338+0530][5.788s] GC(3)   Pre Evacuate Collection Set: 0.2ms
[2024-05-01T23:04:28.338+0530][5.788s] GC(3)   Merge Heap Roots: 0.1ms
[2024-05-01T23:04:28.339+0530][5.788s] GC(3)   Evacuate Collection Set: 4.4ms
[2024-05-01T23:04:28.339+0530][5.788s] GC(3)   Post Evacuate Collection Set: 0.8ms
[2024-05-01T23:04:28.339+0530][5.788s] GC(3)   Other: 0.8ms
[2024-05-01T23:04:28.339+0530][5.788s] GC(3) Eden regions: 2->0(295)
[2024-05-01T23:04:28.339+0530][5.788s] GC(3) Survivor regions: 12->12(39)
[2024-05-01T23:04:28.339+0530][5.788s] GC(3) Old regions: 8->8
[2024-05-01T23:04:28.339+0530][5.788s] GC(3) Archive regions: 0->0
[2024-05-01T23:04:28.339+0530][5.788s] GC(3) Humongous regions: 4->4
[2024-05-01T23:04:28.339+0530][5.788s] GC(3) Metaspace: 21156K(21504K)->21156K(21504K) NonClass: 18665K(18880K)->18665K(18880K) Class: 2490K(2624K)->2490K(2624K)
[2024-05-01T23:04:28.339+0530][5.788s] GC(3) Pause Young (Concurrent Start) (Metadata GC Threshold) 25M->23M(512M) 6.576ms
[2024-05-01T23:04:28.339+0530][5.788s] GC(3) User=0.00s Sys=0.00s Real=0.01s
[2024-05-01T23:04:28.339+0530][5.788s] GC(4) Concurrent Mark Cycle
[2024-05-01T23:04:28.339+0530][5.788s] GC(4) Concurrent Clear Claimed Marks
[2024-05-01T23:04:28.339+0530][5.788s] GC(4) Concurrent Clear Claimed Marks 0.045ms
[2024-05-01T23:04:28.339+0530][5.788s] GC(4) Concurrent Scan Root Regions
[2024-05-01T23:04:28.342+0530][5.791s] GC(4) Concurrent Scan Root Regions 2.711ms
[2024-05-01T23:04:28.342+0530][5.791s] GC(4) Concurrent Mark
[2024-05-01T23:04:28.342+0530][5.791s] GC(4) Concurrent Mark From Roots
[2024-05-01T23:04:28.342+0530][5.791s] GC(4) Using 3 workers of 3 for marking
[2024-05-01T23:04:28.348+0530][5.798s] GC(4) Concurrent Mark From Roots 6.817ms
[2024-05-01T23:04:28.348+0530][5.798s] GC(4) Concurrent Preclean
[2024-05-01T23:04:28.349+0530][5.798s] GC(4) Concurrent Preclean 0.155ms
[2024-05-01T23:04:28.349+0530][5.798s] GC(4) Pause Remark
[2024-05-01T23:04:28.351+0530][5.801s] GC(4) Pause Remark 24M->24M(512M) 2.353ms
[2024-05-01T23:04:28.351+0530][5.801s] GC(4) User=0.00s Sys=0.00s Real=0.00s
[2024-05-01T23:04:28.351+0530][5.801s] GC(4) Concurrent Mark 9.816ms
[2024-05-01T23:04:28.351+0530][5.801s] GC(4) Concurrent Rebuild Remembered Sets
[2024-05-01T23:04:28.354+0530][5.804s] GC(4) Concurrent Rebuild Remembered Sets 3.089ms
[2024-05-01T23:04:28.354+0530][5.804s] GC(4) Pause Cleanup
[2024-05-01T23:04:28.355+0530][5.805s] GC(4) Pause Cleanup 24M->24M(512M) 0.239ms
[2024-05-01T23:04:28.355+0530][5.805s] GC(4) User=0.00s Sys=0.00s Real=0.00s
[2024-05-01T23:04:28.355+0530][5.805s] GC(4) Concurrent Cleanup for Next Mark
[2024-05-01T23:04:28.357+0530][5.806s] GC(4) Concurrent Cleanup for Next Mark 1.097ms
[2024-05-01T23:04:28.357+0530][5.806s] GC(4) Concurrent Mark Cycle 18.001ms
[2024-05-01T23:04:31.168+0530][8.617s] GC(5) Pause Young (Concurrent Start) (Metadata GC Threshold)
[2024-05-01T23:04:31.168+0530][8.617s] GC(5) Using 10 workers of 10 for evacuation
[2024-05-01T23:04:31.179+0530][8.629s] GC(5)   Pre Evacuate Collection Set: 0.2ms
[2024-05-01T23:04:31.179+0530][8.629s] GC(5)   Merge Heap Roots: 0.1ms
[2024-05-01T23:04:31.179+0530][8.629s] GC(5)   Evacuate Collection Set: 10.3ms
[2024-05-01T23:04:31.179+0530][8.629s] GC(5)   Post Evacuate Collection Set: 1.0ms
[2024-05-01T23:04:31.179+0530][8.629s] GC(5)   Other: 0.3ms
[2024-05-01T23:04:31.179+0530][8.629s] GC(5) Eden regions: 106->0(289)
[2024-05-01T23:04:31.179+0530][8.629s] GC(5) Survivor regions: 12->18(39)
[2024-05-01T23:04:31.179+0530][8.629s] GC(5) Old regions: 8->8
[2024-05-01T23:04:31.179+0530][8.629s] GC(5) Archive regions: 0->0
[2024-05-01T23:04:31.179+0530][8.629s] GC(5) Humongous regions: 4->4
[2024-05-01T23:04:31.179+0530][8.629s] GC(5) Metaspace: 35694K(35968K)->35694K(35968K) NonClass: 31399K(31552K)->31399K(31552K) Class: 4294K(4416K)->4294K(4416K)
[2024-05-01T23:04:31.180+0530][8.629s] GC(5) Pause Young (Concurrent Start) (Metadata GC Threshold) 129M->29M(512M) 12.223ms
[2024-05-01T23:04:31.180+0530][8.629s] GC(5) User=0.02s Sys=0.00s Real=0.01s
[2024-05-01T23:04:31.180+0530][8.629s] GC(6) Concurrent Mark Cycle
[2024-05-01T23:04:31.180+0530][8.629s] GC(6) Concurrent Clear Claimed Marks
[2024-05-01T23:04:31.180+0530][8.629s] GC(6) Concurrent Clear Claimed Marks 0.053ms
[2024-05-01T23:04:31.180+0530][8.629s] GC(6) Concurrent Scan Root Regions
[2024-05-01T23:04:31.184+0530][8.634s] GC(6) Concurrent Scan Root Regions 4.624ms
[2024-05-01T23:04:31.185+0530][8.634s] GC(6) Concurrent Mark
[2024-05-01T23:04:31.185+0530][8.634s] GC(6) Concurrent Mark From Roots
[2024-05-01T23:04:31.185+0530][8.634s] GC(6) Using 3 workers of 3 for marking
[2024-05-01T23:04:31.192+0530][8.642s] GC(6) Concurrent Mark From Roots 7.649ms
[2024-05-01T23:04:31.192+0530][8.642s] GC(6) Concurrent Preclean
[2024-05-01T23:04:31.192+0530][8.642s] GC(6) Concurrent Preclean 0.179ms
[2024-05-01T23:04:31.193+0530][8.642s] GC(6) Pause Remark
[2024-05-01T23:04:31.197+0530][8.647s] GC(6) Pause Remark 29M->29M(512M) 4.126ms
[2024-05-01T23:04:31.197+0530][8.647s] GC(6) User=0.00s Sys=0.00s Real=0.00s
[2024-05-01T23:04:31.197+0530][8.647s] GC(6) Concurrent Mark 12.498ms
[2024-05-01T23:04:31.197+0530][8.647s] GC(6) Concurrent Rebuild Remembered Sets
[2024-05-01T23:04:31.202+0530][8.651s] GC(6) Concurrent Rebuild Remembered Sets 4.555ms
[2024-05-01T23:04:31.202+0530][8.652s] GC(6) Pause Cleanup
[2024-05-01T23:04:31.203+0530][8.652s] GC(6) Pause Cleanup 30M->30M(512M) 0.261ms
[2024-05-01T23:04:31.203+0530][8.652s] GC(6) User=0.00s Sys=0.00s Real=0.00s
[2024-05-01T23:04:31.203+0530][8.652s] GC(6) Concurrent Cleanup for Next Mark
[2024-05-01T23:04:31.204+0530][8.654s] GC(6) Concurrent Cleanup for Next Mark 1.351ms
[2024-05-01T23:04:31.204+0530][8.654s] GC(6) Concurrent Mark Cycle 24.688ms
