[2024-05-02T00:07:26.126+0530][0.028s] Using G1
[2024-05-02T00:07:26.491+0530][0.392s] Version: 17.0.10+11-LTS-240 (release)
[2024-05-02T00:07:26.491+0530][0.392s] CPUs: 12 total, 12 available
[2024-05-02T00:07:26.491+0530][0.392s] Memory: 7502M
[2024-05-02T00:07:26.491+0530][0.392s] Large Page Support: Disabled
[2024-05-02T00:07:26.491+0530][0.392s] NUMA Support: Disabled
[2024-05-02T00:07:26.491+0530][0.392s] Compressed Oops: Enabled (32-bit)
[2024-05-02T00:07:26.491+0530][0.392s] Heap Region Size: 1M
[2024-05-02T00:07:26.491+0530][0.392s] Heap Min Capacity: 512M
[2024-05-02T00:07:26.491+0530][0.392s] Heap Initial Capacity: 512M
[2024-05-02T00:07:26.491+0530][0.392s] Heap Max Capacity: 512M
[2024-05-02T00:07:26.491+0530][0.392s] Pre-touch: Enabled
[2024-05-02T00:07:26.491+0530][0.393s] Parallel Workers: 10
[2024-05-02T00:07:26.491+0530][0.393s] Concurrent Workers: 3
[2024-05-02T00:07:26.491+0530][0.393s] Concurrent Refinement Workers: 10
[2024-05-02T00:07:26.491+0530][0.393s] Periodic GC: Disabled
[2024-05-02T00:07:26.512+0530][0.413s] CDS archive(s) mapped at: [0x00000192cc000000-0x00000192ccbd0000-0x00000192ccbd0000), size 12386304, SharedBaseAddress: 0x00000192cc000000, ArchiveRelocationMode: 1.
[2024-05-02T00:07:26.512+0530][0.414s] Compressed class space mapped at: 0x00000192cd000000-0x000001930d000000, reserved size: 1073741824
[2024-05-02T00:07:26.512+0530][0.414s] Narrow klass base: 0x00000192cc000000, Narrow klass shift: 0, Narrow klass range: 0x100000000
[2024-05-02T00:07:28.074+0530][1.976s] GC(0) Pause Young (Normal) (G1 Evacuation Pause)
[2024-05-02T00:07:28.075+0530][1.977s] GC(0) Using 10 workers of 10 for evacuation
[2024-05-02T00:07:28.080+0530][1.981s] GC(0)   Pre Evacuate Collection Set: 0.1ms
[2024-05-02T00:07:28.080+0530][1.982s] GC(0)   Merge Heap Roots: 0.1ms
[2024-05-02T00:07:28.080+0530][1.982s] GC(0)   Evacuate Collection Set: 3.6ms
[2024-05-02T00:07:28.080+0530][1.982s] GC(0)   Post Evacuate Collection Set: 0.8ms
[2024-05-02T00:07:28.080+0530][1.982s] GC(0)   Other: 0.9ms
[2024-05-02T00:07:28.080+0530][1.982s] GC(0) Eden regions: 29->0(43)
[2024-05-02T00:07:28.080+0530][1.982s] GC(0) Survivor regions: 0->4(4)
[2024-05-02T00:07:28.080+0530][1.982s] GC(0) Old regions: 0->0
[2024-05-02T00:07:28.080+0530][1.982s] GC(0) Archive regions: 0->0
[2024-05-02T00:07:28.080+0530][1.982s] GC(0) Humongous regions: 0->0
[2024-05-02T00:07:28.080+0530][1.982s] GC(0) Metaspace: 6277K(6528K)->6277K(6528K) NonClass: 5542K(5696K)->5542K(5696K) Class: 734K(832K)->734K(832K)
[2024-05-02T00:07:28.080+0530][1.982s] GC(0) Pause Young (Normal) (G1 Evacuation Pause) 29M->3M(512M) 5.692ms
[2024-05-02T00:07:28.080+0530][1.982s] GC(0) User=0.00s Sys=0.00s Real=0.01s
[2024-05-02T00:07:29.565+0530][3.466s] GC(1) Pause Young (Normal) (G1 Evacuation Pause)
[2024-05-02T00:07:29.565+0530][3.466s] GC(1) Using 10 workers of 10 for evacuation
[2024-05-02T00:07:29.577+0530][3.478s] GC(1)   Pre Evacuate Collection Set: 0.1ms
[2024-05-02T00:07:29.577+0530][3.478s] GC(1)   Merge Heap Roots: 0.1ms
[2024-05-02T00:07:29.577+0530][3.478s] GC(1)   Evacuate Collection Set: 10.6ms
[2024-05-02T00:07:29.577+0530][3.478s] GC(1)   Post Evacuate Collection Set: 1.1ms
[2024-05-02T00:07:29.577+0530][3.478s] GC(1)   Other: 0.2ms
[2024-05-02T00:07:29.577+0530][3.478s] GC(1) Eden regions: 43->0(195)
[2024-05-02T00:07:29.577+0530][3.478s] GC(1) Survivor regions: 4->6(6)
[2024-05-02T00:07:29.577+0530][3.478s] GC(1) Old regions: 0->8
[2024-05-02T00:07:29.577+0530][3.478s] GC(1) Archive regions: 0->0
[2024-05-02T00:07:29.577+0530][3.478s] GC(1) Humongous regions: 4->4
[2024-05-02T00:07:29.577+0530][3.478s] GC(1) Metaspace: 17492K(17856K)->17492K(17856K) NonClass: 15426K(15616K)->15426K(15616K) Class: 2065K(2240K)->2065K(2240K)
[2024-05-02T00:07:29.577+0530][3.478s] GC(1) Pause Young (Normal) (G1 Evacuation Pause) 50M->17M(512M) 12.489ms
[2024-05-02T00:07:29.577+0530][3.478s] GC(1) User=0.05s Sys=0.00s Real=0.01s
[2024-05-02T00:07:31.681+0530][5.582s] GC(2) Pause Young (Concurrent Start) (Metadata GC Threshold)
[2024-05-02T00:07:31.681+0530][5.582s] GC(2) Using 10 workers of 10 for evacuation
[2024-05-02T00:07:31.689+0530][5.591s] GC(2)   Pre Evacuate Collection Set: 0.2ms
[2024-05-02T00:07:31.689+0530][5.591s] GC(2)   Merge Heap Roots: 0.1ms
[2024-05-02T00:07:31.689+0530][5.591s] GC(2)   Evacuate Collection Set: 6.8ms
[2024-05-02T00:07:31.689+0530][5.591s] GC(2)   Post Evacuate Collection Set: 0.8ms
[2024-05-02T00:07:31.689+0530][5.591s] GC(2)   Other: 1.0ms
[2024-05-02T00:07:31.689+0530][5.591s] GC(2) Eden regions: 191->0(249)
[2024-05-02T00:07:31.689+0530][5.591s] GC(2) Survivor regions: 6->12(26)
[2024-05-02T00:07:31.689+0530][5.591s] GC(2) Old regions: 8->8
[2024-05-02T00:07:31.690+0530][5.591s] GC(2) Archive regions: 0->0
[2024-05-02T00:07:31.690+0530][5.591s] GC(2) Humongous regions: 4->4
[2024-05-02T00:07:31.690+0530][5.591s] GC(2) Metaspace: 21155K(21504K)->21155K(21504K) NonClass: 18664K(18880K)->18664K(18880K) Class: 2490K(2624K)->2490K(2624K)
[2024-05-02T00:07:31.690+0530][5.591s] GC(2) Pause Young (Concurrent Start) (Metadata GC Threshold) 208M->23M(512M) 9.037ms
[2024-05-02T00:07:31.690+0530][5.591s] GC(2) User=0.00s Sys=0.00s Real=0.01s
[2024-05-02T00:07:31.690+0530][5.591s] GC(3) Concurrent Mark Cycle
[2024-05-02T00:07:31.690+0530][5.591s] GC(3) Concurrent Clear Claimed Marks
[2024-05-02T00:07:31.690+0530][5.592s] GC(3) Concurrent Clear Claimed Marks 0.047ms
[2024-05-02T00:07:31.690+0530][5.592s] GC(3) Concurrent Scan Root Regions
[2024-05-02T00:07:31.694+0530][5.596s] GC(3) Concurrent Scan Root Regions 4.200ms
[2024-05-02T00:07:31.694+0530][5.596s] GC(3) Concurrent Mark
[2024-05-02T00:07:31.694+0530][5.596s] GC(3) Concurrent Mark From Roots
[2024-05-02T00:07:31.694+0530][5.596s] GC(3) Using 3 workers of 3 for marking
[2024-05-02T00:07:31.702+0530][5.603s] GC(3) Concurrent Mark From Roots 7.143ms
[2024-05-02T00:07:31.702+0530][5.603s] GC(3) Concurrent Preclean
[2024-05-02T00:07:31.702+0530][5.603s] GC(3) Concurrent Preclean 0.139ms
[2024-05-02T00:07:31.702+0530][5.603s] GC(3) Pause Remark
[2024-05-02T00:07:31.705+0530][5.607s] GC(3) Pause Remark 23M->23M(512M) 3.118ms
[2024-05-02T00:07:31.706+0530][5.607s] GC(3) User=0.00s Sys=0.00s Real=0.00s
[2024-05-02T00:07:31.706+0530][5.607s] GC(3) Concurrent Mark 10.970ms
[2024-05-02T00:07:31.706+0530][5.607s] GC(3) Concurrent Rebuild Remembered Sets
[2024-05-02T00:07:31.709+0530][5.610s] GC(3) Concurrent Rebuild Remembered Sets 3.580ms
[2024-05-02T00:07:31.709+0530][5.611s] GC(3) Pause Cleanup
[2024-05-02T00:07:31.710+0530][5.611s] GC(3) Pause Cleanup 23M->23M(512M) 0.210ms
[2024-05-02T00:07:31.710+0530][5.611s] GC(3) User=0.00s Sys=0.00s Real=0.00s
[2024-05-02T00:07:31.710+0530][5.611s] GC(3) Concurrent Cleanup for Next Mark
[2024-05-02T00:07:31.711+0530][5.612s] GC(3) Concurrent Cleanup for Next Mark 1.059ms
[2024-05-02T00:07:31.711+0530][5.612s] GC(3) Concurrent Mark Cycle 20.762ms
[2024-05-02T00:07:34.574+0530][8.476s] GC(4) Pause Young (Concurrent Start) (Metadata GC Threshold)
[2024-05-02T00:07:34.574+0530][8.476s] GC(4) Using 10 workers of 10 for evacuation
[2024-05-02T00:07:34.587+0530][8.488s] GC(4)   Pre Evacuate Collection Set: 0.2ms
[2024-05-02T00:07:34.587+0530][8.488s] GC(4)   Merge Heap Roots: 0.1ms
[2024-05-02T00:07:34.587+0530][8.488s] GC(4)   Evacuate Collection Set: 11.2ms
[2024-05-02T00:07:34.587+0530][8.488s] GC(4)   Post Evacuate Collection Set: 1.0ms
[2024-05-02T00:07:34.587+0530][8.488s] GC(4)   Other: 0.3ms
[2024-05-02T00:07:34.587+0530][8.488s] GC(4) Eden regions: 105->0(289)
[2024-05-02T00:07:34.587+0530][8.488s] GC(4) Survivor regions: 12->18(34)
[2024-05-02T00:07:34.587+0530][8.488s] GC(4) Old regions: 8->8
[2024-05-02T00:07:34.587+0530][8.488s] GC(4) Archive regions: 0->0
[2024-05-02T00:07:34.587+0530][8.488s] GC(4) Humongous regions: 4->4
[2024-05-02T00:07:34.587+0530][8.488s] GC(4) Metaspace: 35708K(35968K)->35708K(35968K) NonClass: 31415K(31552K)->31415K(31552K) Class: 4292K(4416K)->4292K(4416K)
[2024-05-02T00:07:34.587+0530][8.489s] GC(4) Pause Young (Concurrent Start) (Metadata GC Threshold) 127M->29M(512M) 12.903ms
[2024-05-02T00:07:34.587+0530][8.489s] GC(4) User=0.05s Sys=0.00s Real=0.01s
[2024-05-02T00:07:34.587+0530][8.489s] GC(5) Concurrent Mark Cycle
[2024-05-02T00:07:34.587+0530][8.489s] GC(5) Concurrent Clear Claimed Marks
[2024-05-02T00:07:34.587+0530][8.489s] GC(5) Concurrent Clear Claimed Marks 0.046ms
[2024-05-02T00:07:34.587+0530][8.489s] GC(5) Concurrent Scan Root Regions
[2024-05-02T00:07:34.591+0530][8.493s] GC(5) Concurrent Scan Root Regions 3.757ms
[2024-05-02T00:07:34.591+0530][8.493s] GC(5) Concurrent Mark
[2024-05-02T00:07:34.591+0530][8.493s] GC(5) Concurrent Mark From Roots
[2024-05-02T00:07:34.591+0530][8.493s] GC(5) Using 3 workers of 3 for marking
[2024-05-02T00:07:34.598+0530][8.500s] GC(5) Concurrent Mark From Roots 6.899ms
[2024-05-02T00:07:34.598+0530][8.500s] GC(5) Concurrent Preclean
[2024-05-02T00:07:34.598+0530][8.500s] GC(5) Concurrent Preclean 0.141ms
[2024-05-02T00:07:34.599+0530][8.500s] GC(5) Pause Remark
[2024-05-02T00:07:34.602+0530][8.503s] GC(5) Pause Remark 29M->29M(512M) 3.083ms
[2024-05-02T00:07:34.602+0530][8.503s] GC(5) User=0.00s Sys=0.00s Real=0.00s
[2024-05-02T00:07:34.602+0530][8.503s] GC(5) Concurrent Mark 10.713ms
[2024-05-02T00:07:34.602+0530][8.503s] GC(5) Concurrent Rebuild Remembered Sets
[2024-05-02T00:07:34.605+0530][8.507s] GC(5) Concurrent Rebuild Remembered Sets 3.375ms
[2024-05-02T00:07:34.606+0530][8.507s] GC(5) Pause Cleanup
[2024-05-02T00:07:34.606+0530][8.507s] GC(5) Pause Cleanup 29M->29M(512M) 0.162ms
[2024-05-02T00:07:34.606+0530][8.507s] GC(5) User=0.00s Sys=0.00s Real=0.00s
[2024-05-02T00:07:34.606+0530][8.507s] GC(5) Concurrent Cleanup for Next Mark
[2024-05-02T00:07:34.607+0530][8.509s] GC(5) Concurrent Cleanup for Next Mark 1.475ms
[2024-05-02T00:07:34.607+0530][8.509s] GC(5) Concurrent Mark Cycle 20.410ms
