[2024-05-01T22:46:27.300+0530][0.025s] Using G1
[2024-05-01T22:46:27.618+0530][0.343s] Version: 17.0.10+11-LTS-240 (release)
[2024-05-01T22:46:27.619+0530][0.343s] CPUs: 12 total, 12 available
[2024-05-01T22:46:27.619+0530][0.343s] Memory: 7502M
[2024-05-01T22:46:27.619+0530][0.343s] Large Page Support: Disabled
[2024-05-01T22:46:27.619+0530][0.344s] NUMA Support: Disabled
[2024-05-01T22:46:27.619+0530][0.344s] Compressed Oops: Enabled (32-bit)
[2024-05-01T22:46:27.619+0530][0.344s] Heap Region Size: 1M
[2024-05-01T22:46:27.619+0530][0.344s] Heap Min Capacity: 512M
[2024-05-01T22:46:27.619+0530][0.344s] Heap Initial Capacity: 512M
[2024-05-01T22:46:27.619+0530][0.344s] Heap Max Capacity: 512M
[2024-05-01T22:46:27.619+0530][0.344s] Pre-touch: Enabled
[2024-05-01T22:46:27.619+0530][0.344s] Parallel Workers: 10
[2024-05-01T22:46:27.619+0530][0.344s] Concurrent Workers: 3
[2024-05-01T22:46:27.619+0530][0.344s] Concurrent Refinement Workers: 10
[2024-05-01T22:46:27.619+0530][0.344s] Periodic GC: Disabled
[2024-05-01T22:46:27.640+0530][0.365s] CDS archive(s) mapped at: [0x000001f442000000-0x000001f442bd0000-0x000001f442bd0000), size 12386304, SharedBaseAddress: 0x000001f442000000, ArchiveRelocationMode: 1.
[2024-05-01T22:46:27.640+0530][0.365s] Compressed class space mapped at: 0x000001f443000000-0x000001f483000000, reserved size: 1073741824
[2024-05-01T22:46:27.640+0530][0.365s] Narrow klass base: 0x000001f442000000, Narrow klass shift: 0, Narrow klass range: 0x100000000
[2024-05-01T22:46:29.331+0530][2.056s] GC(0) Pause Young (Normal) (G1 Evacuation Pause)
[2024-05-01T22:46:29.331+0530][2.057s] GC(0) Using 10 workers of 10 for evacuation
[2024-05-01T22:46:29.337+0530][2.062s] GC(0)   Pre Evacuate Collection Set: 0.1ms
[2024-05-01T22:46:29.337+0530][2.062s] GC(0)   Merge Heap Roots: 0.1ms
[2024-05-01T22:46:29.337+0530][2.062s] GC(0)   Evacuate Collection Set: 3.9ms
[2024-05-01T22:46:29.337+0530][2.062s] GC(0)   Post Evacuate Collection Set: 0.9ms
[2024-05-01T22:46:29.337+0530][2.062s] GC(0)   Other: 0.8ms
[2024-05-01T22:46:29.337+0530][2.062s] GC(0) Eden regions: 29->0(43)
[2024-05-01T22:46:29.337+0530][2.062s] GC(0) Survivor regions: 0->4(4)
[2024-05-01T22:46:29.337+0530][2.062s] GC(0) Old regions: 0->0
[2024-05-01T22:46:29.337+0530][2.062s] GC(0) Archive regions: 0->0
[2024-05-01T22:46:29.337+0530][2.062s] GC(0) Humongous regions: 0->0
[2024-05-01T22:46:29.337+0530][2.062s] GC(0) Metaspace: 6282K(6528K)->6282K(6528K) NonClass: 5547K(5696K)->5547K(5696K) Class: 735K(832K)->735K(832K)
[2024-05-01T22:46:29.337+0530][2.062s] GC(0) Pause Young (Normal) (G1 Evacuation Pause) 29M->3M(512M) 6.100ms
[2024-05-01T22:46:29.337+0530][2.062s] GC(0) User=0.11s Sys=0.00s Real=0.01s
[2024-05-01T22:46:30.858+0530][3.583s] GC(1) Pause Young (Normal) (G1 Evacuation Pause)
[2024-05-01T22:46:30.858+0530][3.583s] GC(1) Using 10 workers of 10 for evacuation
[2024-05-01T22:46:30.868+0530][3.594s] GC(1)   Pre Evacuate Collection Set: 0.1ms
[2024-05-01T22:46:30.870+0530][3.594s] GC(1)   Merge Heap Roots: 0.1ms
[2024-05-01T22:46:30.870+0530][3.594s] GC(1)   Evacuate Collection Set: 10.3ms
[2024-05-01T22:46:30.870+0530][3.594s] GC(1)   Post Evacuate Collection Set: 0.8ms
[2024-05-01T22:46:30.870+0530][3.594s] GC(1)   Other: 0.2ms
[2024-05-01T22:46:30.870+0530][3.594s] GC(1) Eden regions: 43->0(197)
[2024-05-01T22:46:30.870+0530][3.594s] GC(1) Survivor regions: 4->6(6)
[2024-05-01T22:46:30.870+0530][3.594s] GC(1) Old regions: 0->8
[2024-05-01T22:46:30.870+0530][3.594s] GC(1) Archive regions: 0->0
[2024-05-01T22:46:30.870+0530][3.594s] GC(1) Humongous regions: 4->4
[2024-05-01T22:46:30.870+0530][3.594s] GC(1) Metaspace: 17562K(17856K)->17562K(17856K) NonClass: 15492K(15616K)->15492K(15616K) Class: 2069K(2240K)->2069K(2240K)
[2024-05-01T22:46:30.870+0530][3.594s] GC(1) Pause Young (Normal) (G1 Evacuation Pause) 50M->17M(512M) 11.830ms
[2024-05-01T22:46:30.870+0530][3.594s] GC(1) User=0.02s Sys=0.00s Real=0.01s
[2024-05-01T22:46:32.685+0530][5.410s] GC(2) Pause Young (Normal) (G1 Evacuation Pause)
[2024-05-01T22:46:32.685+0530][5.410s] GC(2) Using 10 workers of 10 for evacuation
[2024-05-01T22:46:32.692+0530][5.417s] GC(2)   Pre Evacuate Collection Set: 0.1ms
[2024-05-01T22:46:32.692+0530][5.418s] GC(2)   Merge Heap Roots: 0.1ms
[2024-05-01T22:46:32.692+0530][5.418s] GC(2)   Evacuate Collection Set: 6.6ms
[2024-05-01T22:46:32.693+0530][5.418s] GC(2)   Post Evacuate Collection Set: 0.7ms
[2024-05-01T22:46:32.693+0530][5.418s] GC(2)   Other: 0.3ms
[2024-05-01T22:46:32.693+0530][5.418s] GC(2) Eden regions: 183->0(295)
[2024-05-01T22:46:32.693+0530][5.418s] GC(2) Survivor regions: 6->12(24)
[2024-05-01T22:46:32.693+0530][5.418s] GC(2) Old regions: 8->8
[2024-05-01T22:46:32.693+0530][5.418s] GC(2) Archive regions: 0->0
[2024-05-01T22:46:32.693+0530][5.418s] GC(2) Humongous regions: 4->4
[2024-05-01T22:46:32.693+0530][5.418s] GC(2) Metaspace: 20680K(21056K)->20680K(21056K) NonClass: 18241K(18432K)->18241K(18432K) Class: 2438K(2624K)->2438K(2624K)
[2024-05-01T22:46:32.693+0530][5.418s] GC(2) Pause Young (Normal) (G1 Evacuation Pause) 200M->22M(512M) 8.169ms
[2024-05-01T22:46:32.693+0530][5.418s] GC(2) User=0.02s Sys=0.00s Real=0.01s
[2024-05-01T22:46:32.815+0530][5.539s] GC(3) Pause Young (Concurrent Start) (Metadata GC Threshold)
[2024-05-01T22:46:32.815+0530][5.539s] GC(3) Using 10 workers of 10 for evacuation
[2024-05-01T22:46:32.821+0530][5.546s] GC(3)   Pre Evacuate Collection Set: 0.1ms
[2024-05-01T22:46:32.821+0530][5.546s] GC(3)   Merge Heap Roots: 0.1ms
[2024-05-01T22:46:32.821+0530][5.546s] GC(3)   Evacuate Collection Set: 5.1ms
[2024-05-01T22:46:32.821+0530][5.546s] GC(3)   Post Evacuate Collection Set: 0.7ms
[2024-05-01T22:46:32.821+0530][5.546s] GC(3)   Other: 0.7ms
[2024-05-01T22:46:32.821+0530][5.546s] GC(3) Eden regions: 8->0(295)
[2024-05-01T22:46:32.821+0530][5.546s] GC(3) Survivor regions: 12->12(39)
[2024-05-01T22:46:32.821+0530][5.546s] GC(3) Old regions: 8->8
[2024-05-01T22:46:32.821+0530][5.546s] GC(3) Archive regions: 0->0
[2024-05-01T22:46:32.821+0530][5.546s] GC(3) Humongous regions: 4->4
[2024-05-01T22:46:32.821+0530][5.546s] GC(3) Metaspace: 21186K(21504K)->21186K(21504K) NonClass: 18682K(18816K)->18682K(18816K) Class: 2503K(2688K)->2503K(2688K)
[2024-05-01T22:46:32.822+0530][5.546s] GC(3) Pause Young (Concurrent Start) (Metadata GC Threshold) 30M->23M(512M) 6.965ms
[2024-05-01T22:46:32.822+0530][5.546s] GC(3) User=0.02s Sys=0.00s Real=0.01s
[2024-05-01T22:46:32.822+0530][5.546s] GC(4) Concurrent Mark Cycle
[2024-05-01T22:46:32.822+0530][5.546s] GC(4) Concurrent Clear Claimed Marks
[2024-05-01T22:46:32.822+0530][5.546s] GC(4) Concurrent Clear Claimed Marks 0.059ms
[2024-05-01T22:46:32.822+0530][5.546s] GC(4) Concurrent Scan Root Regions
[2024-05-01T22:46:32.825+0530][5.550s] GC(4) Concurrent Scan Root Regions 3.257ms
[2024-05-01T22:46:32.825+0530][5.550s] GC(4) Concurrent Mark
[2024-05-01T22:46:32.825+0530][5.550s] GC(4) Concurrent Mark From Roots
[2024-05-01T22:46:32.825+0530][5.550s] GC(4) Using 3 workers of 3 for marking
[2024-05-01T22:46:32.834+0530][5.558s] GC(4) Concurrent Mark From Roots 8.389ms
[2024-05-01T22:46:32.834+0530][5.558s] GC(4) Concurrent Preclean
[2024-05-01T22:46:32.834+0530][5.559s] GC(4) Concurrent Preclean 0.191ms
[2024-05-01T22:46:32.834+0530][5.559s] GC(4) Pause Remark
[2024-05-01T22:46:32.836+0530][5.562s] GC(4) Pause Remark 24M->24M(512M) 2.928ms
[2024-05-01T22:46:32.837+0530][5.562s] GC(4) User=0.00s Sys=0.00s Real=0.00s
[2024-05-01T22:46:32.837+0530][5.562s] GC(4) Concurrent Mark 12.062ms
[2024-05-01T22:46:32.837+0530][5.562s] GC(4) Concurrent Rebuild Remembered Sets
[2024-05-01T22:46:32.841+0530][5.566s] GC(4) Concurrent Rebuild Remembered Sets 4.214ms
[2024-05-01T22:46:32.841+0530][5.567s] GC(4) Pause Cleanup
[2024-05-01T22:46:32.842+0530][5.567s] GC(4) Pause Cleanup 24M->24M(512M) 0.215ms
[2024-05-01T22:46:32.842+0530][5.567s] GC(4) User=0.00s Sys=0.00s Real=0.00s
[2024-05-01T22:46:32.842+0530][5.567s] GC(4) Concurrent Cleanup for Next Mark
[2024-05-01T22:46:32.843+0530][5.569s] GC(4) Concurrent Cleanup for Next Mark 1.555ms
[2024-05-01T22:46:32.844+0530][5.569s] GC(4) Concurrent Mark Cycle 22.510ms
[2024-05-01T22:46:35.840+0530][8.565s] GC(5) Pause Young (Concurrent Start) (Metadata GC Threshold)
[2024-05-01T22:46:35.840+0530][8.566s] GC(5) Using 10 workers of 10 for evacuation
[2024-05-01T22:46:35.851+0530][8.576s] GC(5)   Pre Evacuate Collection Set: 0.2ms
[2024-05-01T22:46:35.851+0530][8.576s] GC(5)   Merge Heap Roots: 0.1ms
[2024-05-01T22:46:35.851+0530][8.576s] GC(5)   Evacuate Collection Set: 9.3ms
[2024-05-01T22:46:35.851+0530][8.576s] GC(5)   Post Evacuate Collection Set: 1.1ms
[2024-05-01T22:46:35.851+0530][8.577s] GC(5)   Other: 0.3ms
[2024-05-01T22:46:35.851+0530][8.577s] GC(5) Eden regions: 116->0(289)
[2024-05-01T22:46:35.851+0530][8.577s] GC(5) Survivor regions: 12->18(39)
[2024-05-01T22:46:35.851+0530][8.577s] GC(5) Old regions: 8->8
[2024-05-01T22:46:35.851+0530][8.577s] GC(5) Archive regions: 0->0
[2024-05-01T22:46:35.851+0530][8.577s] GC(5) Humongous regions: 4->4
[2024-05-01T22:46:35.851+0530][8.577s] GC(5) Metaspace: 35649K(35968K)->35649K(35968K) NonClass: 31363K(31552K)->31363K(31552K) Class: 4285K(4416K)->4285K(4416K)
[2024-05-01T22:46:35.851+0530][8.577s] GC(5) Pause Young (Concurrent Start) (Metadata GC Threshold) 139M->29M(512M) 11.286ms
[2024-05-01T22:46:35.851+0530][8.577s] GC(5) User=0.02s Sys=0.00s Real=0.01s
[2024-05-01T22:46:35.851+0530][8.577s] GC(6) Concurrent Mark Cycle
[2024-05-01T22:46:35.851+0530][8.577s] GC(6) Concurrent Clear Claimed Marks
[2024-05-01T22:46:35.851+0530][8.577s] GC(6) Concurrent Clear Claimed Marks 0.047ms
[2024-05-01T22:46:35.851+0530][8.577s] GC(6) Concurrent Scan Root Regions
[2024-05-01T22:46:35.856+0530][8.581s] GC(6) Concurrent Scan Root Regions 3.900ms
[2024-05-01T22:46:35.856+0530][8.581s] GC(6) Concurrent Mark
[2024-05-01T22:46:35.856+0530][8.581s] GC(6) Concurrent Mark From Roots
[2024-05-01T22:46:35.856+0530][8.581s] GC(6) Using 3 workers of 3 for marking
[2024-05-01T22:46:35.862+0530][8.588s] GC(6) Concurrent Mark From Roots 6.748ms
[2024-05-01T22:46:35.862+0530][8.588s] GC(6) Concurrent Preclean
[2024-05-01T22:46:35.863+0530][8.588s] GC(6) Concurrent Preclean 0.156ms
[2024-05-01T22:46:35.863+0530][8.588s] GC(6) Pause Remark
[2024-05-01T22:46:35.867+0530][8.591s] GC(6) Pause Remark 29M->29M(512M) 3.372ms
[2024-05-01T22:46:35.867+0530][8.592s] GC(6) User=0.00s Sys=0.00s Real=0.00s
[2024-05-01T22:46:35.867+0530][8.592s] GC(6) Concurrent Mark 10.835ms
[2024-05-01T22:46:35.867+0530][8.592s] GC(6) Concurrent Rebuild Remembered Sets
[2024-05-01T22:46:35.870+0530][8.595s] GC(6) Concurrent Rebuild Remembered Sets 3.330ms
[2024-05-01T22:46:35.870+0530][8.595s] GC(6) Pause Cleanup
[2024-05-01T22:46:35.870+0530][8.596s] GC(6) Pause Cleanup 29M->29M(512M) 0.181ms
[2024-05-01T22:46:35.870+0530][8.596s] GC(6) User=0.00s Sys=0.00s Real=0.00s
[2024-05-01T22:46:35.871+0530][8.596s] GC(6) Concurrent Cleanup for Next Mark
[2024-05-01T22:46:35.872+0530][8.597s] GC(6) Concurrent Cleanup for Next Mark 1.654ms
[2024-05-01T22:46:35.872+0530][8.597s] GC(6) Concurrent Mark Cycle 20.703ms
[2024-05-01T22:46:54.891+0530][27.617s] GC(7) Pause Young (Normal) (G1 Evacuation Pause)
[2024-05-01T22:46:54.891+0530][27.617s] GC(7) Using 10 workers of 10 for evacuation
[2024-05-01T22:46:54.908+0530][27.633s] GC(7)   Pre Evacuate Collection Set: 0.2ms
[2024-05-01T22:46:54.908+0530][27.633s] GC(7)   Merge Heap Roots: 0.2ms
[2024-05-01T22:46:54.908+0530][27.633s] GC(7)   Evacuate Collection Set: 14.0ms
[2024-05-01T22:46:54.908+0530][27.633s] GC(7)   Post Evacuate Collection Set: 1.6ms
[2024-05-01T22:46:54.908+0530][27.633s] GC(7)   Other: 0.4ms
[2024-05-01T22:46:54.908+0530][27.633s] GC(7) Eden regions: 289->0(282)
[2024-05-01T22:46:54.908+0530][27.633s] GC(7) Survivor regions: 18->25(39)
[2024-05-01T22:46:54.908+0530][27.633s] GC(7) Old regions: 8->8
[2024-05-01T22:46:54.908+0530][27.633s] GC(7) Archive regions: 0->0
[2024-05-01T22:46:54.908+0530][27.633s] GC(7) Humongous regions: 5->5
[2024-05-01T22:46:54.908+0530][27.633s] GC(7) Metaspace: 44948K(45376K)->44948K(45376K) NonClass: 39394K(39616K)->39394K(39616K) Class: 5553K(5760K)->5553K(5760K)
[2024-05-01T22:46:54.908+0530][27.633s] GC(7) Pause Young (Normal) (G1 Evacuation Pause) 319M->37M(512M) 16.600ms
[2024-05-01T22:46:54.908+0530][27.633s] GC(7) User=0.06s Sys=0.02s Real=0.02s
