[2024-05-02T00:16:29.265+0530][0.032s] Using G1
[2024-05-02T00:16:29.711+0530][0.478s] Version: 17.0.10+11-LTS-240 (release)
[2024-05-02T00:16:29.711+0530][0.478s] CPUs: 12 total, 12 available
[2024-05-02T00:16:29.711+0530][0.478s] Memory: 7502M
[2024-05-02T00:16:29.711+0530][0.478s] Large Page Support: Disabled
[2024-05-02T00:16:29.711+0530][0.478s] NUMA Support: Disabled
[2024-05-02T00:16:29.712+0530][0.478s] Compressed Oops: Enabled (32-bit)
[2024-05-02T00:16:29.712+0530][0.478s] Heap Region Size: 1M
[2024-05-02T00:16:29.712+0530][0.478s] Heap Min Capacity: 512M
[2024-05-02T00:16:29.712+0530][0.478s] Heap Initial Capacity: 512M
[2024-05-02T00:16:29.712+0530][0.479s] Heap Max Capacity: 512M
[2024-05-02T00:16:29.712+0530][0.479s] Pre-touch: Enabled
[2024-05-02T00:16:29.712+0530][0.479s] Parallel Workers: 10
[2024-05-02T00:16:29.712+0530][0.479s] Concurrent Workers: 3
[2024-05-02T00:16:29.712+0530][0.479s] Concurrent Refinement Workers: 10
[2024-05-02T00:16:29.712+0530][0.479s] Periodic GC: Disabled
[2024-05-02T00:16:29.743+0530][0.509s] CDS archive(s) mapped at: [0x000001f3cc000000-0x000001f3ccbd0000-0x000001f3ccbd0000), size 12386304, SharedBaseAddress: 0x000001f3cc000000, ArchiveRelocationMode: 1.
[2024-05-02T00:16:29.743+0530][0.509s] Compressed class space mapped at: 0x000001f3cd000000-0x000001f40d000000, reserved size: 1073741824
[2024-05-02T00:16:29.743+0530][0.509s] Narrow klass base: 0x000001f3cc000000, Narrow klass shift: 0, Narrow klass range: 0x100000000
[2024-05-02T00:16:31.421+0530][2.188s] GC(0) Pause Young (Normal) (G1 Evacuation Pause)
[2024-05-02T00:16:31.422+0530][2.189s] GC(0) Using 10 workers of 10 for evacuation
[2024-05-02T00:16:31.426+0530][2.193s] GC(0)   Pre Evacuate Collection Set: 0.2ms
[2024-05-02T00:16:31.426+0530][2.193s] GC(0)   Merge Heap Roots: 0.1ms
[2024-05-02T00:16:31.426+0530][2.193s] GC(0)   Evacuate Collection Set: 3.2ms
[2024-05-02T00:16:31.426+0530][2.193s] GC(0)   Post Evacuate Collection Set: 0.8ms
[2024-05-02T00:16:31.426+0530][2.193s] GC(0)   Other: 0.7ms
[2024-05-02T00:16:31.426+0530][2.193s] GC(0) Eden regions: 29->0(43)
[2024-05-02T00:16:31.426+0530][2.193s] GC(0) Survivor regions: 0->4(4)
[2024-05-02T00:16:31.426+0530][2.193s] GC(0) Old regions: 0->0
[2024-05-02T00:16:31.426+0530][2.193s] GC(0) Archive regions: 0->0
[2024-05-02T00:16:31.426+0530][2.194s] GC(0) Humongous regions: 0->0
[2024-05-02T00:16:31.426+0530][2.194s] GC(0) Metaspace: 6327K(6528K)->6327K(6528K) NonClass: 5588K(5696K)->5588K(5696K) Class: 739K(832K)->739K(832K)
[2024-05-02T00:16:31.426+0530][2.194s] GC(0) Pause Young (Normal) (G1 Evacuation Pause) 29M->3M(512M) 5.315ms
[2024-05-02T00:16:31.426+0530][2.194s] GC(0) User=0.00s Sys=0.00s Real=0.01s
[2024-05-02T00:16:32.870+0530][3.636s] GC(1) Pause Young (Normal) (G1 Evacuation Pause)
[2024-05-02T00:16:32.870+0530][3.636s] GC(1) Using 10 workers of 10 for evacuation
[2024-05-02T00:16:32.881+0530][3.648s] GC(1)   Pre Evacuate Collection Set: 0.1ms
[2024-05-02T00:16:32.881+0530][3.649s] GC(1)   Merge Heap Roots: 0.1ms
[2024-05-02T00:16:32.881+0530][3.649s] GC(1)   Evacuate Collection Set: 10.8ms
[2024-05-02T00:16:32.881+0530][3.649s] GC(1)   Post Evacuate Collection Set: 0.9ms
[2024-05-02T00:16:32.881+0530][3.649s] GC(1)   Other: 0.2ms
[2024-05-02T00:16:32.881+0530][3.649s] GC(1) Eden regions: 43->0(202)
[2024-05-02T00:16:32.881+0530][3.649s] GC(1) Survivor regions: 4->6(6)
[2024-05-02T00:16:32.881+0530][3.649s] GC(1) Old regions: 0->9
[2024-05-02T00:16:32.881+0530][3.649s] GC(1) Archive regions: 0->0
[2024-05-02T00:16:32.881+0530][3.649s] GC(1) Humongous regions: 4->4
[2024-05-02T00:16:32.881+0530][3.649s] GC(1) Metaspace: 17480K(17792K)->17480K(17792K) NonClass: 15415K(15552K)->15415K(15552K) Class: 2065K(2240K)->2065K(2240K)
[2024-05-02T00:16:32.881+0530][3.649s] GC(1) Pause Young (Normal) (G1 Evacuation Pause) 50M->18M(512M) 12.435ms
[2024-05-02T00:16:32.881+0530][3.649s] GC(1) User=0.02s Sys=0.00s Real=0.01s
[2024-05-02T00:16:34.963+0530][5.729s] GC(2) Pause Young (Concurrent Start) (Metadata GC Threshold)
[2024-05-02T00:16:34.963+0530][5.730s] GC(2) Using 10 workers of 10 for evacuation
[2024-05-02T00:16:34.972+0530][5.738s] GC(2)   Pre Evacuate Collection Set: 0.2ms
[2024-05-02T00:16:34.972+0530][5.738s] GC(2)   Merge Heap Roots: 0.1ms
[2024-05-02T00:16:34.972+0530][5.738s] GC(2)   Evacuate Collection Set: 6.6ms
[2024-05-02T00:16:34.972+0530][5.738s] GC(2)   Post Evacuate Collection Set: 0.9ms
[2024-05-02T00:16:34.972+0530][5.738s] GC(2)   Other: 0.9ms
[2024-05-02T00:16:34.972+0530][5.738s] GC(2) Eden regions: 191->0(295)
[2024-05-02T00:16:34.972+0530][5.738s] GC(2) Survivor regions: 6->12(25)
[2024-05-02T00:16:34.972+0530][5.738s] GC(2) Old regions: 9->9
[2024-05-02T00:16:34.972+0530][5.738s] GC(2) Archive regions: 0->0
[2024-05-02T00:16:34.972+0530][5.738s] GC(2) Humongous regions: 4->4
[2024-05-02T00:16:34.972+0530][5.738s] GC(2) Metaspace: 21136K(21504K)->21136K(21504K) NonClass: 18645K(18880K)->18645K(18880K) Class: 2490K(2624K)->2490K(2624K)
[2024-05-02T00:16:34.972+0530][5.738s] GC(2) Pause Young (Concurrent Start) (Metadata GC Threshold) 208M->23M(512M) 8.936ms
[2024-05-02T00:16:34.972+0530][5.738s] GC(2) User=0.03s Sys=0.00s Real=0.01s
[2024-05-02T00:16:34.972+0530][5.738s] GC(3) Concurrent Mark Cycle
[2024-05-02T00:16:34.972+0530][5.738s] GC(3) Concurrent Clear Claimed Marks
[2024-05-02T00:16:34.972+0530][5.739s] GC(3) Concurrent Clear Claimed Marks 0.053ms
[2024-05-02T00:16:34.972+0530][5.739s] GC(3) Concurrent Scan Root Regions
[2024-05-02T00:16:34.975+0530][5.742s] GC(3) Concurrent Scan Root Regions 3.282ms
[2024-05-02T00:16:34.975+0530][5.742s] GC(3) Concurrent Mark
[2024-05-02T00:16:34.975+0530][5.742s] GC(3) Concurrent Mark From Roots
[2024-05-02T00:16:34.975+0530][5.742s] GC(3) Using 3 workers of 3 for marking
[2024-05-02T00:16:34.983+0530][5.750s] GC(3) Concurrent Mark From Roots 7.543ms
[2024-05-02T00:16:34.983+0530][5.750s] GC(3) Concurrent Preclean
[2024-05-02T00:16:34.983+0530][5.750s] GC(3) Concurrent Preclean 0.127ms
[2024-05-02T00:16:34.983+0530][5.750s] GC(3) Pause Remark
[2024-05-02T00:16:34.986+0530][5.753s] GC(3) Pause Remark 23M->23M(512M) 2.755ms
[2024-05-02T00:16:34.986+0530][5.753s] GC(3) User=0.00s Sys=0.00s Real=0.00s
[2024-05-02T00:16:34.986+0530][5.753s] GC(3) Concurrent Mark 10.963ms
[2024-05-02T00:16:34.987+0530][5.753s] GC(3) Concurrent Rebuild Remembered Sets
[2024-05-02T00:16:34.991+0530][5.757s] GC(3) Concurrent Rebuild Remembered Sets 4.300ms
[2024-05-02T00:16:34.991+0530][5.758s] GC(3) Pause Cleanup
[2024-05-02T00:16:34.991+0530][5.758s] GC(3) Pause Cleanup 23M->23M(512M) 0.224ms
[2024-05-02T00:16:34.991+0530][5.758s] GC(3) User=0.00s Sys=0.00s Real=0.00s
[2024-05-02T00:16:34.991+0530][5.758s] GC(3) Concurrent Cleanup for Next Mark
[2024-05-02T00:16:34.992+0530][5.759s] GC(3) Concurrent Cleanup for Next Mark 1.082ms
[2024-05-02T00:16:34.992+0530][5.759s] GC(3) Concurrent Mark Cycle 20.709ms
[2024-05-02T00:16:37.697+0530][8.464s] GC(4) Pause Young (Concurrent Start) (Metadata GC Threshold)
[2024-05-02T00:16:37.697+0530][8.464s] GC(4) Using 10 workers of 10 for evacuation
[2024-05-02T00:16:37.707+0530][8.475s] GC(4)   Pre Evacuate Collection Set: 0.2ms
[2024-05-02T00:16:37.707+0530][8.475s] GC(4)   Merge Heap Roots: 0.1ms
[2024-05-02T00:16:37.707+0530][8.475s] GC(4)   Evacuate Collection Set: 8.8ms
[2024-05-02T00:16:37.707+0530][8.475s] GC(4)   Post Evacuate Collection Set: 1.0ms
[2024-05-02T00:16:37.707+0530][8.475s] GC(4)   Other: 0.3ms
[2024-05-02T00:16:37.707+0530][8.475s] GC(4) Eden regions: 106->0(290)
[2024-05-02T00:16:37.707+0530][8.475s] GC(4) Survivor regions: 12->17(39)
[2024-05-02T00:16:37.707+0530][8.475s] GC(4) Old regions: 9->9
[2024-05-02T00:16:37.707+0530][8.475s] GC(4) Archive regions: 0->0
[2024-05-02T00:16:37.707+0530][8.475s] GC(4) Humongous regions: 4->4
[2024-05-02T00:16:37.707+0530][8.475s] GC(4) Metaspace: 35702K(35968K)->35702K(35968K) NonClass: 31412K(31552K)->31412K(31552K) Class: 4289K(4416K)->4289K(4416K)
[2024-05-02T00:16:37.708+0530][8.475s] GC(4) Pause Young (Concurrent Start) (Metadata GC Threshold) 128M->29M(512M) 10.611ms
[2024-05-02T00:16:37.708+0530][8.475s] GC(4) User=0.00s Sys=0.00s Real=0.01s
[2024-05-02T00:16:37.708+0530][8.475s] GC(5) Concurrent Mark Cycle
[2024-05-02T00:16:37.708+0530][8.475s] GC(5) Concurrent Clear Claimed Marks
[2024-05-02T00:16:37.708+0530][8.475s] GC(5) Concurrent Clear Claimed Marks 0.040ms
[2024-05-02T00:16:37.708+0530][8.475s] GC(5) Concurrent Scan Root Regions
[2024-05-02T00:16:37.712+0530][8.479s] GC(5) Concurrent Scan Root Regions 3.495ms
[2024-05-02T00:16:37.712+0530][8.479s] GC(5) Concurrent Mark
[2024-05-02T00:16:37.712+0530][8.479s] GC(5) Concurrent Mark From Roots
[2024-05-02T00:16:37.712+0530][8.479s] GC(5) Using 3 workers of 3 for marking
[2024-05-02T00:16:37.718+0530][8.485s] GC(5) Concurrent Mark From Roots 6.309ms
[2024-05-02T00:16:37.718+0530][8.485s] GC(5) Concurrent Preclean
[2024-05-02T00:16:37.718+0530][8.485s] GC(5) Concurrent Preclean 0.094ms
[2024-05-02T00:16:37.719+0530][8.486s] GC(5) Pause Remark
[2024-05-02T00:16:37.721+0530][8.488s] GC(5) Pause Remark 29M->29M(512M) 2.863ms
[2024-05-02T00:16:37.721+0530][8.489s] GC(5) User=0.00s Sys=0.00s Real=0.00s
[2024-05-02T00:16:37.721+0530][8.489s] GC(5) Concurrent Mark 9.942ms
[2024-05-02T00:16:37.722+0530][8.489s] GC(5) Concurrent Rebuild Remembered Sets
[2024-05-02T00:16:37.725+0530][8.492s] GC(5) Concurrent Rebuild Remembered Sets 3.187ms
[2024-05-02T00:16:37.726+0530][8.492s] GC(5) Pause Cleanup
[2024-05-02T00:16:37.726+0530][8.492s] GC(5) Pause Cleanup 29M->29M(512M) 0.203ms
[2024-05-02T00:16:37.726+0530][8.492s] GC(5) User=0.00s Sys=0.00s Real=0.00s
[2024-05-02T00:16:37.726+0530][8.492s] GC(5) Concurrent Cleanup for Next Mark
[2024-05-02T00:16:37.727+0530][8.494s] GC(5) Concurrent Cleanup for Next Mark 1.455ms
[2024-05-02T00:16:37.727+0530][8.494s] GC(5) Concurrent Mark Cycle 19.071ms
